
> react-typescript-starter@0.1.0 test
> react-scripts test

Browserslist: caniuse-lite is outdated. Please run:
  npx browserslist@latest --update-db
  Why you should do it regularly: https://github.com/browserslist/browserslist#browsers-data-updating
PASS src/nested.test.ts
PASS src/arrays.test.ts
PASS src/objects.test.ts
PASS src/components/StartAttempt.test.tsx
PASS src/components/TwoDice.test.tsx
PASS src/form-components/MultipleChoiceQuestion.test.tsx
PASS src/bad-components/ChooseTeam.test.tsx
PASS src/bad-components/DoubleHalf.test.tsx
FAIL src/HtmlCss.test.tsx
  ● Some HTML Elements are added. › There is a header

    TestingLibraryElementError: Found multiple elements with the role "heading"

    Here are the matching elements:

    Ignored nodes: comments, <script />, <style />
    [36m<h1>[39m
      [0mStudio Ghibli Films[0m
    [36m</h1>[39m

    Ignored nodes: comments, <script />, <style />
    [36m<h3>[39m
      [0mCheck Answer[0m
    [36m</h3>[39m

    Ignored nodes: comments, <script />, <style />
    [36m<h3>[39m
      [0mGive Attempts[0m
    [36m</h3>[39m

    Ignored nodes: comments, <script />, <style />
    [36m<h3>[39m
      [0mEdit Mode[0m
    [36m</h3>[39m

    Ignored nodes: comments, <script />, <style />
    [36m<h3>[39m
      [0mChange Color[0m
    [36m</h3>[39m

    Ignored nodes: comments, <script />, <style />
    [36m<h3>[39m
      [0mMultiple Choice Question[0m
    [36m</h3>[39m

    Ignored nodes: comments, <script />, <style />
    [36m<h3>[39m
      [0mDouble Half[0m
    [36m</h3>[39m

    Ignored nodes: comments, <script />, <style />
    [36m<h3>[39m
      [0mChoose Team[0m
    [36m</h3>[39m

    Ignored nodes: comments, <script />, <style />
    [36m<h3>[39m
      [0mColored Box[0m
    [36m</h3>[39m

    Ignored nodes: comments, <script />, <style />
    [36m<h3>[39m
      [0mShove Box[0m
    [36m</h3>[39m

    (If this is intentional, then use the `*AllBy*` variant of the query (like `queryAllByText`, `getAllByText`, or `findAllByText`)).

    Ignored nodes: comments, <script />, <style />
    [36m<body>[39m
      [36m<div>[39m
        [36m<div[39m
          [33mclass[39m=[32m"App"[39m
        [36m>[39m
          [36m<header[39m
            [33mclass[39m=[32m"App-header"[39m
            [33mstyle[39m=[32m"background-color: blue;"[39m
          [36m>[39m
            [0mUD + Shreeya CISC275 with React Hooks and TypeScript[0m
          [36m</header>[39m
          [36m<div[39m
            [33mclass[39m=[32m"container"[39m
          [36m>[39m
            [36m<div[39m
              [33mclass[39m=[32m"row"[39m
            [36m>[39m
              [36m<div[39m
                [33mclass[39m=[32m"col"[39m
              [36m>[39m
                [36m<h1>[39m
                  [0mStudio Ghibli Films[0m
                [36m</h1>[39m
                [36m<img[39m
                  [33malt[39m=[32m"Spirited Away"[39m
                  [33msrc[39m=[32m"https://m.media-amazon.com/images/M/MV5BNzQ0OTcwNDY3MF5BMl5BanBnXkFtZTgwODc1MTMyMDE@._V1_.jpg"[39m
                [36m/>[39m
                [0mTop Three Films:[0m
                [36m<ol>[39m
                  [36m<li>[39m
                    [0mSpirited Away[0m
                  [36m</li>[39m
                  [36m<li>[39m
                    [0mHowls Moving Castle[0m
                  [36m</li>[39m
                  [36m<li>[39m
                    [0mPonyo[0m
                  [36m</li>[39m
                [36m</ol>[39m
                [36m<div[39m
                  [33mstyle[39m=[32m"border: 1px solid red; width: 100px; height: 300px; background-color: red;"[39m
                [36m/>[39m
              [36m</div>[39m
              [36m<div[39m
                [33mclass[39m=[32m"col"[39m
              [36m>[39m
                [36m<button[39m
                  [33mclass[39m=[32m"btn btn-primary"[39m
                  [33mtype[39m=[32m"button"[39m
                [36m>[39m
                  [0mLog Hello World[0m
                [36m</button>[39m
                [36m<p>[39m
                  [0mEdit [0m
                  [36m<code>[39m
                    [0msrc/App.tsx[0m
                  [36m</code>[39m
                  [0m and save. This page will automatically reload. Hello World[0m
                [36m</p>[39m
                [36m<div[39m
                  [33mstyle[39m=[32m"border: 1px solid red; width: 100px; height: 300px; background-color: red;"[39m
                [36m/>[39m
              [36m</div>[39m
            [36m</div>[39m
          [36m</div>[39m
        [36m</div>[39m
        [36m<hr />[39m
        [36m<div>[39m
          [36m<h3>[39m
            [0mCheck Answer[0m
          [36m</h3>[39m
          [36m<div>[39m
            [36m<label[39m
              [33mclass[39m=[32m"form-label"[39m
              [33mfor[39m=[32m"formCheckAnswer"[39m
            [36m>[39m
              [0mAnswer: [0m
            [36m</label>[39m
            [36m<input[39m
              [33mclass[39m=[32m"form-control"[39m
              [33mid[39m=[32m"formCheckAnswer"[39m
              [33mvalue[39m=[32m""[39m
            [36m/>[39m
          [36m</div>[39m
          [36m<div>[39m
            [0mYour answer is [0m
            [0m❌[0m
          [36m</div>[39m
        [36m</div>[39m
        [36m<hr />[39m
        [36m<div>[39m
          [36m<h3>[39m
            [0mGive Attempts[0m
          [36m</h3>[39m
          [36m<div>[39m
            [36m<input[39m
              [33mclass[39m=[32m"form-control"[39m
              [33mid[39m=[32m"formGiveAttempts"[39m
              [33mtype[39m=[32m"number"[39m
              [33mvalue[39m=[32m"0"[39m
            [36m/>[39m
          [36m</div>[39m
          [36m<div>[39m
            [36m<button[39m
              [33mclass[39m=[32m"btn btn-primary"[39m
              [33mtype[39m=[32m"button"[39m
            [36m>[39m
              [0mUse[0m
            [36m</button>[39m
            [36m<button[39m
              [33mclass[39m=[32m"btn btn-primary"[39m
              [33mtype[39m=[32m"button"[39m
            [36m>[39m
              [0mGain[0m
            [36m</button>[39m
            [0mNumber of attempts left: [0m
            [0m3[0m
          [36m</div>[39m
        [36m</div>[39m
        [36m<hr />[39m
        [36m<div>[39m
          [36m<h3>[39m
            [0mEdit Mode[0m
          [36m</h3>[39m
          [36m<div>[39m
            [0mYour name[0m
            [0m is [0m
            [0m [0m
            [0ma student.[0m
          [36m</div>[39m
          [36m<div[39m
            [33mclass[39m=[32m"form-check form-switch"[39m
          [36m>[39m
            [36m<input[39m
              [33mclass[39m=[32m"form-check-input"[39m
              [33mid[39m=[32m"edit-check"[39m
              [33mtype[39m=[32m"checkbox"[39m
            [36m/>[39m
            [36m<label[39m
              [33mclass[39m=[32m"form-check-label"[39m
              [33mfor[39m=[32m"edit-check"[39m
              [33mtitle[39m=[32m""[39m
            [36m>[39m
              [0mEdit Mode[0m
            [36m</label>[39m
          [36m</div>[39m
        [36m</div>[39m
        [36m<hr />[39m
        [36m<div>[39m
          [36m<h3>[39m
            [0mChange Color[0m
          [36m</h3>[39m
          [36m<div[39m
            [33mclass[39m=[32m"form-check form-check-inline"[39m
            [33mstyle[39m=[32m"background-color: red;"[39m
          [36m>[39m
            [36m<input[39m
              [33mchecked[39m=[32m""[39m
              [33mclass[39m=[32m"form-check-input"[39m
              [33mid[39m=[32m"color-red"[39m
              [33mname[39m=[32m"color"[39m
              [33mtype[39m=[32m"radio"[39m
              [33mvalue[39m=[32m"red"[39m
            [36m/>[39m
            [36m<label[39m
              [33mclass[39m=[32m"form-check-label"[39m
              [33mfor[39m=[32m"color-red"[39m
              [33mtitle[39m=[32m""[39m
            [36m>[39m
              [0mred[0m
            [36m</label>[39m
          [36m</div>[39m
          [36m<div[39m
            [33mclass[39m=[32m"form-check form-check-inline"[39m
            [33mstyle[39m=[32m"background-color: blue;"[39m
          [36m>[39m
            [36m<input[39m
              [33mclass[39m=[32m"form-check-input"[39m
              [33mid[39m=[32m"color-blue"[39m
              [33mname[39m=[32m"color"[39m
              [33mtype[39m=[32m"radio"[39m
              [33mvalue[39m=[32m"blue"[39m
            [36m/>[39m
            [36m<label[39m
              [33mclass[39m=[32m"form-check-label"[39m
              [33mfor[39m=[32m"color-blue"[39m
              [33mtitle[39m=[32m""[39m
            [36m>[39m
              [0mblue[0m
            [36m</label>[39m
          [36m</div>[39m
          [36m<div[39m
            [33mclass[39m=[32m"form-check form-check-inline"[39m
            [33mstyle[39m=[32m"background-color: green;"[39m
          [36m>[39m
            [36m<input[39m
              [33mclass[39m=[32m"form-check-input"[39m
              [33mid[39m=[32m"color-green"[39m
              [33mname[39m=[32m"color"[39m
              [33mtype[39m=[32m"radio"[39m
              [33mvalue[39m=[32m"green"[39m
            [36m/>[39m
            [36m<label[39m
              [33mclass[39m=[32m"form-check-label"[39m
              [33mfor[39m=[32m"color-green"[39m
              [33mtitle[39m=[32m""[39m
            [36m>[39m
              [0mgreen[0m
            [36m</label>[39m
          [36m</div>[39m
          [36m<div[39m
            [33mclass[39m=[32m"form-check form-check-inline"[39m
            [33mstyle[39m=[32m"background-color: orange;"[39m
          [36m>[39m
            [36m<input[39m
              [33mclass[39m=[32m"form-check-input"[39m
              [33mid[39m=[32m"color-orange"[39m
              [33mname[39m=[32m"color"[39m
              [33mtype[39m=[32m"radio"[39m
              [33mvalue[39m=[32m"orange"[39m
            [36m/>[39m
            [36m<label[39m
              [33mclass[39m=[32m"form-check-label"[39m
              [33mfor[39m=[32m"color-orange"[39m
              [33mtitle[39m=[32m""[39m
            [36m>[39m
              [0morange[0m
            [36m</label>[39m
          [36m</div>[39m
          [36m<div[39m
            [33mclass[39m=[32m"form-check form-check-inline"[39m
            [33mstyle[39m=[32m"background-color: purple;"[39m
          [36m>[39m
            [36m<input[39m
              [33mclass[39m=[32m"form-check-input"[39m
              [33mid[39m=[32m"color-purple"[39m
              [33mname[39m=[32m"color"[39m
              [33mtype[39m=[32m"radio"[39m
              [33mvalue[39m=[32m"purple"[39m
            [36m/>[39m
            [36m<label[39m
              [33mclass[39m=[32m"form-check-label"[39m
              [33mfor[39m=[32m"color-purple"[39m
              [33mtitle[39m=[32m""[39m
            [36m>[39m
              [0mpurple[0m
            [36m</label>[39m
          [36m</div>[39m
          [36m<div[39m
            [33mclass[39m=[32m"form-check form-check-inline"[39m
            [33mstyle[39m=[32m"background-color: cyan;"[39m
          [36m>[39m
            [36m<input[39m
              [33mclass[39m=[32m"form-check-input"[39m
              [33mid[39m=[32m"color-cyan"[39m
              [33mname[39m=[32m"color"[39m
              [33mtype[39m=[32m"radio"[39m
              [33mvalue[39m=[32m"cyan"[39m
            [36m/>[39m
            [36m<label[39m
              [33mclass[39m=[32m"form-check-label"[39m
              [33mfor[39m=[32m"color-cyan"[39m
              [33mtitle[39m=[32m""[39m
            [36m>[39m
              [0mcyan[0m
            [36m</label>[39m
          [36m</div>[39m
          [36m<div[39m
            [33mclass[39m=[32m"form-check form-check-inline"[39m
            [33mstyle[39m=[32m"background-color: magenta;"[39m
          [36m>[39m
            [36m<input[39m
              [33mclass[39m=[32m"form-check-input"[39m
              [33mid[39m=[32m"color-magenta"[39m
              [33mname[39m=[32m"color"[39m
              [33mtype[39m=[32m"radio"[39m
              [33mvalue[39m=[32m"magenta"[39m
            [36m/>[39m
            [36m<label[39m
              [33mclass[39m=[32m"form-check-label"[39m
              [33mfor[39m=[32m"color-magenta"[39m
              [33mtitle[39m=[32m""[39m
            [36m>[39m
              [0mmagenta[0m
            [36m</label>[39m
          [36m</div>[39m
          [36m<div[39m
            [33mclass[39m=[32m"form-check form-check-inline"[39m
            [33mstyle[39m=[32m"background-color: white;"[39m
          [36m>[39m
            [36m<input[39m
              [33mclass[39m=[32m"form-check-input"[39m
              [33mid[39m=[32m"color-white"[39m
              [33mname[39m=[32m"color"[39m
              [33mtype[39m=[32m"radio"[39m
              [33mvalue[39m=[32m"white"[39m
            [36m/>[39m
            [36m<label[39m
              [33mclass[39m=[32m"form-check-label"[39m
              [33mfor[39m=[32m"color-white"[39m
              [33mtitle[39m=[32m""[39m
            [36m>[39m
              [0mwhite[0m
            [36m</label>[39m
          [36m</div>[39m
          [36m<div[39m
            [33mclass[39m=[32m"form-check form-check-inline"[39m
            [33mstyle[39m=[32m"background-color: black;"[39m
          [36m>[39m
            [36m<input[39m
              [33mclass[39m=[32m"form-check-input"[39m
              [33mid[39m=[32m"color-black"[39m
              [33mname[39m=[32m"color"[39m
              [33mtype[39m=[32m"radio"[39m
              [33mvalue[39m=[32m"black"[39m
            [36m/>[39m
            [36m<label[39m
              [33mclass[39m=[32m"form-check-label"[39m
              [33mfor[39m=[32m"color-black"[39m
              [33mtitle[39m=[32m""[39m
            [36m>[39m
              [0mblack[0m
            [36m</label>[39m
          [36m</div>[39m
          [36m<span>[39m
            [0mThe current color is[0m
            [0m [0m
            [36m<span[39m
              [33mdata-testid[39m=[32m"colored-box"[39m
              [33mstyle[39m=[32m"background-color: red;"[39m
            [36m>[39m
              [0m [0m
              [0mred[0m
            [36m</span>[39m
          [36m</span>[39m
        [36m</div>[39m
        [36m<hr />[39m
        [36m<div>[39m
          [36m<h3>[39m
            [0mMultiple Choice Question[0m
          [36m</h3>[39m
          [36m<label[39m
            [33mclass[39m=[32m"form-label"[39m
          [36m>[39m
            [0mMake a selection below:[0m
          [36m</label>[39m
          [36m<select[39m
            [33mclass[39m=[32m"form-select"[39m
          [36m>[39m
            [36m<option[39m
              [33mvalue[39m=[32m"a"[39m
            [36m>[39m
              [0ma[0m
            [36m</option>[39m
            [36m<option[39m
              [33mvalue[39m=[32m"b"[39m
            [36m>[39m
              [0mb[0m
            [36m</option>[39m
            [36m<option[39m
              [33mvalue[39m=[32m"c"[39m
            [36m>[39m
              [0mc[0m
            [36m</option>[39m
          [36m</select>[39m
          [36m<option>[39m
            [0m Your answer is: [0m
          [36m</option>[39m
          [0m❌[0m
        [36m</div>[39m
        [36m<hr />[39m
        [36m<div>[39m
          [36m<h3>[39m
            [0mDouble Half[0m
          [36m</h3>[39m
          [36m<div>[39m
            [0mThe current value is: [0m
            [36m<span>[39m
              [0m10[0m
            [36m</span>[39m
          [36m</div>[39m
          [36m<button[39m
            [33mclass[39m=[32m"btn btn-primary"[39m
            [33mtype[39m=[32m"button"[39m
          [36m>[39m
            [0m Double [0m
          [36m</button>[39m
          [36m<button[39m
            [33mclass[39m=[32m"btn btn-primary"[39m
            [33mtype[39m=[32m"button"[39m
          [36m>[39m
            [0m Halve [0m
          [36m</button>[39m
        [36m</div>[39m
        [36m<hr />[39m
        [36m<div>[39m
          [36m<h3>[39m
            [0mChoose Team[0m
          [36m</h3>[39m
          [36m<div[39m
            [33mclass[39m=[32m"row"[39m
          [36m>[39m
            [36m<div[39m
              [33mclass[39m=[32m"col"[39m
            [36m>[39m
              [36m<div[39m
                [33mstyle[39m=[32m"margin-bottom: 4px;"[39m
              [36m>[39m
                [0mAdd[0m
                [0m [0m
                [36m<button[39m
                  [33mclass[39m=[32m"btn btn-primary btn-sm"[39m
                  [33mtype[39m=[32m"button"[39m
                [36m>[39m
                  [0mAlan Turing[0m
                [36m</button>[39m
              [36m</div>[39m
              [36m<div[39m
                [33mstyle[39m=[32m"margin-bottom: 4px;"[39m
              [36m>[39m
                [0mAdd[0m
                [0m [0m
                [36m<button[39m
                  [33mclass[39m=[32m"btn btn-primary btn-sm"[39m
                  [33mtype[39m=[32m"button"[39m
                [36m>[39m
                  [0mGrace Hopper[0m
                [36m</button>[39m
              [36m</div>[39m
              [36m<div[39m
                [33mstyle[39m=[32m"margin-bottom: 4px;"[39m
              [36m>[39m
                [0mAdd[0m
                [0m [0m
                [36m<button[39m
                  [33mclass[39m=[32m"btn btn-primary btn-sm"[39m
                  [33mtype[39m=[32m"button"[39m
                [36m>[39m
                  [0mAda Lovelace[0m
                [36m</button>[39m
              [36m</div>[39m
              [36m<div[39m
                [33mstyle[39m=[32m"margin-bottom: 4px;"[39m
              [36m>[39m
                [0mAdd[0m
                [0m [0m
                [36m<button[39m
                  [33mclass[39m=[32m"btn btn-primary btn-sm"[39m
                  [33mtype[39m=[32m"button"[39m
                [36m>[39m
                  [0mCharles Babbage[0m
                [36m</button>[39m
              [36m</div>[39m
              [36m<div[39m
                [33mstyle[39m=[32m"margin-bottom: 4px;"[39m
              [36m>[39m
                [0mAdd[0m
                [0m [0m
                [36m<button[39m
                  [33mclass[39m=[32m"btn btn-primary btn-sm"[39m
                  [33mtype[39m=[32m"button"[39m
                [36m>[39m
                  [0mBarbara Liskov[0m
                [36m</button>[39m
              [36m</div>[39m
              [36m<div[39m
                [33mstyle[39m=[32m"margin-bottom: 4px;"[39m
              [36m>[39m
                [0mAdd[0m
                [0m [0m
                [36m<button[39m
                  [33mclass[39m=[32m"btn btn-primary btn-sm"[39m
                  [33mtype[39m=[32m"button"[39m
                [36m>[39m
                  [0mMargaret Hamilton[0m
                [36m</button>[39m
              [36m</div>[39m
            [36m</div>[39m
            [36m<div[39m
              [33mclass[39m=[32m"col"[39m
            [36m>[39m
              [36m<strong>[39m
                [0mTeam:[0m
              [36m</strong>[39m
              [36m<button[39m
                [33mclass[39m=[32m"btn btn-primary"[39m
                [33mtype[39m=[32m"button"[39m
              [36m>[39m
                [0mClear Team[0m
              [36m</button>[39m
            [36m</div>[39m
          [36m</div>[39m
        [36m</div>[39m
        [36m<hr />[39m
        [36m<div>[39m
          [36m<h3>[39m
            [0mColored Box[0m
          [36m</h3>[39m
          [36m<span>[39m
            [0mThe current color is: [0m
            [0mred[0m
          [36m</span>[39m
          [36m<div>[39m
            [36m<button[39m
              [33mclass[39m=[32m"btn btn-primary"[39m
              [33mtype[39m=[32m"button"[39m
            [36m>[39m
              [0mNext Color[0m
            [36m</button>[39m
          [36m</div>[39m
          [36m<div[39m
            [33mdata-testid[39m=[32m"colored-box"[39m
            [33mstyle[39m=[32m"width: 50px; height: 50px; background-color: red; display: inline-block; vertical-align: bottom; margin-left: 5px;"[39m
          [36m/>[39m
        [36m</div>[39m
        [36m<hr />[39m
        [36m<div>[39m
          [36m<h3>[39m
            [0mShove Box[0m
          [36m</h3>[39m
          [36m<span>[39m
            [0mThe box is at: [0m
            [0m10[0m
          [36m</span>[39m
          [36m<div>[39m
            [36m<button[39m
              [33mclass[39m=[32m"btn btn-primary"[39m
              [33mtype[39m=[32m"button"[39m
            [36m>[39m
              [0mShove the Box[0m
            [36m</button>[39m
          [36m</div>[39m
          [36m<div[39m
            [33mdata-testid[39m=[32m"moveable-box"[39m
            [33mstyle[39m=[32m"width: 50px; height: 50px; background-color: lightblue; border: 1px solid blue; display: inline-block; vertical-align: bottom; margin-left: 10px;"[39m
          [36m/>[39m
        [36m</div>[39m
        [36m<hr />[39m
        [36m<span>[39m
          [36m<button[39m
            [33mclass[39m=[32m"btn btn-primary"[39m
            [33mtype[39m=[32m"button"[39m
          [36m>[39m
            [0mAdd One[0m
          [36m</button>[39m
          [0mto [0m
          [0m0[0m
          [0m.[0m
        [36m</span>[39m
        [36m<hr />[39m
        [36m<div>[39m
          [36m<button[39m
            [33mclass[39m=[32m"btn btn-primary"[39m
            [33mtype[39m=[32m"button"[39m
          [36m>[39m
            [0mReveal Answer[0m
          [36m</button>[39m
        [36m</div>[39m
        [36m<hr />[39m
        [36m<div>[39m
          [36m<span>[39m
            [0m attempts : [0m
            [0m4[0m
          [36m</span>[39m
          [36m<button[39m
            [33mclass[39m=[32m"btn btn-primary"[39m
            [33mtype[39m=[32m"button"[39m
          [36m>[39m
            [0mStart Quiz[0m
          [36m</button>[39m
          [36m<button[39m
            [33mclass[39m=[32m"btn btn-primary"[39m
            [33mdisabled[39m=[32m""[39m
            [33mtype[39m=[32m"button"[39m
          [36m>[39m
            [0mStop Quiz[0m
          [36m</button>[39m
          [36m<button[39m
            [33mclass[39m=[32m"btn btn-primary"[39m
            [33mtype[39m=[32m"button"[39m
          [36m>[39m
            [0mMulligan[0m
          [36m</button>[39m
        [36m</div>[39m
        [36m<hr />[39m
        [36m<div>[39m
          [36m<div>[39m
            [36m<button[39m
              [33mclass[39m=[32m"btn btn-primary"[39m
              [33mtype[39m=[32m"button"[39m
            [36m>[39m
              [0mRoll Left[0m
            [36m</button>[39m
            [36m<span[39m
              [33mdata-testid[39m=[32m"left-die"[39m
            [36m>[39m
              [0m1[0m
            [36m</span>[39m
            [36m<button[39m
              [33mclass[39m=[32m"btn btn-primary"[39m
              [33mtype[39m=[32m"button"[39m
            [36m>[39m
              [0mRoll Right[0m
            [36m</button>[39m
            [36m<span[39m
              [33mdata-testid[39m=[32m"right-die"[39m
            [36m>[39m
              [0m2[0m
            [36m</span>[39m
          [36m</div>[39m
          [36m<div />[39m
        [36m</div>[39m
        [36m<hr />[39m
        [36m<div>[39m
          [36m<div>[39m
            [36m<button[39m
              [33mclass[39m=[32m"btn btn-primary"[39m
              [33mtype[39m=[32m"button"[39m
            [36m>[39m
              [0mChange Type[0m
            [36m</button>[39m
          [36m</div>[39m
          [36m<div>[39m
            [36m<span>[39m
              [0mShort Answer[0m
            [36m</span>[39m
          [36m</div>[39m
        [36m</div>[39m
        [36m<hr />[39m
        [36m<div>[39m
          [36m<div>[39m
            [36m<p>[39m
              [0m Holiday: [0m
              [0m🎄[0m
            [36m</p>[39m
            [36m<button[39m
              [33mclass[39m=[32m"btn btn-primary"[39m
              [33mtype[39m=[32m"button"[39m
            [36m>[39m
              [0mAdvance by Alphabet[0m
            [36m</button>[39m
            [36m<button[39m
              [33mclass[39m=[32m"btn btn-primary"[39m
              [33mtype[39m=[32m"button"[39m
            [36m>[39m
              [0mAdvance by Year[0m
            [36m</button>[39m
          [36m</div>[39m
        [36m</div>[39m
      [36m</div>[39m
    [36m</body>[39m

       7 |     test("There is a header", () => {
       8 |         render(<App />);
    >  9 |         const header = screen.getByRole("heading");
         |                               ^
      10 |         expect(header).toBeInTheDocument();
      11 |     });
      12 |

      at Object.getElementError (node_modules/@testing-library/dom/dist/config.js:38:19)
      at getElementError (node_modules/@testing-library/dom/dist/query-helpers.js:25:35)
      at getMultipleElementsFoundError (node_modules/@testing-library/dom/dist/query-helpers.js:29:10)
      at node_modules/@testing-library/dom/dist/query-helpers.js:66:13
      at getByRole (node_modules/@testing-library/dom/dist/query-helpers.js:111:19)
      at Object.<anonymous> (src/HtmlCss.test.tsx:9:31)

PASS src/functions.test.ts
PASS src/form-components/CheckAnswer.test.tsx
PASS src/form-components/EditMode.test.tsx
PASS src/components/ChangeType.test.tsx
PASS src/components/CycleHoliday.test.tsx
PASS src/form-components/GiveAttempts.test.tsx
PASS src/form-components/ChangeColor.test.tsx
PASS src/components/Counter.test.tsx
PASS src/components/RevealAnswer.test.tsx
PASS src/bad-components/ColoredBox.test.tsx
PASS src/bad-components/ShoveBox.test.tsx
PASS src/App.test.tsx
-----------------------------|---------|----------|---------|---------|-------------------
File                         | % Stmts | % Branch | % Funcs | % Lines | Uncovered Line #s 
-----------------------------|---------|----------|---------|---------|-------------------
All files                    |     100 |     98.8 |     100 |     100 |                   
 src                         |     100 |      100 |     100 |     100 |                   
  App.tsx                    |     100 |      100 |     100 |     100 |                   
  arrays.ts                  |     100 |      100 |     100 |     100 |                   
  functions.ts               |     100 |      100 |     100 |     100 |                   
  nested.ts                  |     100 |      100 |     100 |     100 |                   
  objects.ts                 |     100 |      100 |     100 |     100 |                   
 src/bad-components          |     100 |       50 |     100 |     100 |                   
  ChooseTeam.tsx             |     100 |       50 |     100 |     100 | 18                
  ColoredBox.tsx             |     100 |      100 |     100 |     100 |                   
  DoubleHalf.tsx             |     100 |      100 |     100 |     100 |                   
  ShoveBox.tsx               |     100 |      100 |     100 |     100 |                   
 src/components              |     100 |      100 |     100 |     100 |                   
  ChangeType.tsx             |     100 |      100 |     100 |     100 |                   
  Counter.tsx                |     100 |      100 |     100 |     100 |                   
  CycleHoliday.tsx           |     100 |      100 |     100 |     100 |                   
  RevealAnswer.tsx           |     100 |      100 |     100 |     100 |                   
  StartAttempt.tsx           |     100 |      100 |     100 |     100 |                   
  TwoDice.tsx                |     100 |      100 |     100 |     100 |                   
 src/form-components         |     100 |      100 |     100 |     100 |                   
  ChangeColor.tsx            |     100 |      100 |     100 |     100 |                   
  CheckAnswer.tsx            |     100 |      100 |     100 |     100 |                   
  EditMode.tsx               |     100 |      100 |     100 |     100 |                   
  GiveAttempts.tsx           |     100 |      100 |     100 |     100 |                   
  MultipleChoiceQuestion.tsx |     100 |      100 |     100 |     100 |                   
 src/interfaces              |       0 |        0 |       0 |       0 |                   
  answer.ts                  |       0 |        0 |       0 |       0 |                   
  question.ts                |       0 |        0 |       0 |       0 |                   
-----------------------------|---------|----------|---------|---------|-------------------

Summary of all failing tests
FAIL src/HtmlCss.test.tsx
  ● Some HTML Elements are added. › There is a header

    TestingLibraryElementError: Found multiple elements with the role "heading"

    Here are the matching elements:

    Ignored nodes: comments, <script />, <style />
    [36m<h1>[39m
      [0mStudio Ghibli Films[0m
    [36m</h1>[39m

    Ignored nodes: comments, <script />, <style />
    [36m<h3>[39m
      [0mCheck Answer[0m
    [36m</h3>[39m

    Ignored nodes: comments, <script />, <style />
    [36m<h3>[39m
      [0mGive Attempts[0m
    [36m</h3>[39m

    Ignored nodes: comments, <script />, <style />
    [36m<h3>[39m
      [0mEdit Mode[0m
    [36m</h3>[39m

    Ignored nodes: comments, <script />, <style />
    [36m<h3>[39m
      [0mChange Color[0m
    [36m</h3>[39m

    Ignored nodes: comments, <script />, <style />
    [36m<h3>[39m
      [0mMultiple Choice Question[0m
    [36m</h3>[39m

    Ignored nodes: comments, <script />, <style />
    [36m<h3>[39m
      [0mDouble Half[0m
    [36m</h3>[39m

    Ignored nodes: comments, <script />, <style />
    [36m<h3>[39m
      [0mChoose Team[0m
    [36m</h3>[39m

    Ignored nodes: comments, <script />, <style />
    [36m<h3>[39m
      [0mColored Box[0m
    [36m</h3>[39m

    Ignored nodes: comments, <script />, <style />
    [36m<h3>[39m
      [0mShove Box[0m
    [36m</h3>[39m

    (If this is intentional, then use the `*AllBy*` variant of the query (like `queryAllByText`, `getAllByText`, or `findAllByText`)).

    Ignored nodes: comments, <script />, <style />
    [36m<body>[39m
      [36m<div>[39m
        [36m<div[39m
          [33mclass[39m=[32m"App"[39m
        [36m>[39m
          [36m<header[39m
            [33mclass[39m=[32m"App-header"[39m
            [33mstyle[39m=[32m"background-color: blue;"[39m
          [36m>[39m
            [0mUD + Shreeya CISC275 with React Hooks and TypeScript[0m
          [36m</header>[39m
          [36m<div[39m
            [33mclass[39m=[32m"container"[39m
          [36m>[39m
            [36m<div[39m
              [33mclass[39m=[32m"row"[39m
            [36m>[39m
              [36m<div[39m
                [33mclass[39m=[32m"col"[39m
              [36m>[39m
                [36m<h1>[39m
                  [0mStudio Ghibli Films[0m
                [36m</h1>[39m
                [36m<img[39m
                  [33malt[39m=[32m"Spirited Away"[39m
                  [33msrc[39m=[32m"https://m.media-amazon.com/images/M/MV5BNzQ0OTcwNDY3MF5BMl5BanBnXkFtZTgwODc1MTMyMDE@._V1_.jpg"[39m
                [36m/>[39m
                [0mTop Three Films:[0m
                [36m<ol>[39m
                  [36m<li>[39m
                    [0mSpirited Away[0m
                  [36m</li>[39m
                  [36m<li>[39m
                    [0mHowls Moving Castle[0m
                  [36m</li>[39m
                  [36m<li>[39m
                    [0mPonyo[0m
                  [36m</li>[39m
                [36m</ol>[39m
                [36m<div[39m
                  [33mstyle[39m=[32m"border: 1px solid red; width: 100px; height: 300px; background-color: red;"[39m
                [36m/>[39m
              [36m</div>[39m
              [36m<div[39m
                [33mclass[39m=[32m"col"[39m
              [36m>[39m
                [36m<button[39m
                  [33mclass[39m=[32m"btn btn-primary"[39m
                  [33mtype[39m=[32m"button"[39m
                [36m>[39m
                  [0mLog Hello World[0m
                [36m</button>[39m
                [36m<p>[39m
                  [0mEdit [0m
                  [36m<code>[39m
                    [0msrc/App.tsx[0m
                  [36m</code>[39m
                  [0m and save. This page will automatically reload. Hello World[0m
                [36m</p>[39m
                [36m<div[39m
                  [33mstyle[39m=[32m"border: 1px solid red; width: 100px; height: 300px; background-color: red;"[39m
                [36m/>[39m
              [36m</div>[39m
            [36m</div>[39m
          [36m</div>[39m
        [36m</div>[39m
        [36m<hr />[39m
        [36m<div>[39m
          [36m<h3>[39m
            [0mCheck Answer[0m
          [36m</h3>[39m
          [36m<div>[39m
            [36m<label[39m
              [33mclass[39m=[32m"form-label"[39m
              [33mfor[39m=[32m"formCheckAnswer"[39m
            [36m>[39m
              [0mAnswer: [0m
            [36m</label>[39m
            [36m<input[39m
              [33mclass[39m=[32m"form-control"[39m
              [33mid[39m=[32m"formCheckAnswer"[39m
              [33mvalue[39m=[32m""[39m
            [36m/>[39m
          [36m</div>[39m
          [36m<div>[39m
            [0mYour answer is [0m
            [0m❌[0m
          [36m</div>[39m
        [36m</div>[39m
        [36m<hr />[39m
        [36m<div>[39m
          [36m<h3>[39m
            [0mGive Attempts[0m
          [36m</h3>[39m
          [36m<div>[39m
            [36m<input[39m
              [33mclass[39m=[32m"form-control"[39m
              [33mid[39m=[32m"formGiveAttempts"[39m
              [33mtype[39m=[32m"number"[39m
              [33mvalue[39m=[32m"0"[39m
            [36m/>[39m
          [36m</div>[39m
          [36m<div>[39m
            [36m<button[39m
              [33mclass[39m=[32m"btn btn-primary"[39m
              [33mtype[39m=[32m"button"[39m
            [36m>[39m
              [0mUse[0m
            [36m</button>[39m
            [36m<button[39m
              [33mclass[39m=[32m"btn btn-primary"[39m
              [33mtype[39m=[32m"button"[39m
            [36m>[39m
              [0mGain[0m
            [36m</button>[39m
            [0mNumber of attempts left: [0m
            [0m3[0m
          [36m</div>[39m
        [36m</div>[39m
        [36m<hr />[39m
        [36m<div>[39m
          [36m<h3>[39m
            [0mEdit Mode[0m
          [36m</h3>[39m
          [36m<div>[39m
            [0mYour name[0m
            [0m is [0m
            [0m [0m
            [0ma student.[0m
          [36m</div>[39m
          [36m<div[39m
            [33mclass[39m=[32m"form-check form-switch"[39m
          [36m>[39m
            [36m<input[39m
              [33mclass[39m=[32m"form-check-input"[39m
              [33mid[39m=[32m"edit-check"[39m
              [33mtype[39m=[32m"checkbox"[39m
            [36m/>[39m
            [36m<label[39m
              [33mclass[39m=[32m"form-check-label"[39m
              [33mfor[39m=[32m"edit-check"[39m
              [33mtitle[39m=[32m""[39m
            [36m>[39m
              [0mEdit Mode[0m
            [36m</label>[39m
          [36m</div>[39m
        [36m</div>[39m
        [36m<hr />[39m
        [36m<div>[39m
          [36m<h3>[39m
            [0mChange Color[0m
          [36m</h3>[39m
          [36m<div[39m
            [33mclass[39m=[32m"form-check form-check-inline"[39m
            [33mstyle[39m=[32m"background-color: red;"[39m
          [36m>[39m
            [36m<input[39m
              [33mchecked[39m=[32m""[39m
              [33mclass[39m=[32m"form-check-input"[39m
              [33mid[39m=[32m"color-red"[39m
              [33mname[39m=[32m"color"[39m
              [33mtype[39m=[32m"radio"[39m
              [33mvalue[39m=[32m"red"[39m
            [36m/>[39m
            [36m<label[39m
              [33mclass[39m=[32m"form-check-label"[39m
              [33mfor[39m=[32m"color-red"[39m
              [33mtitle[39m=[32m""[39m
            [36m>[39m
              [0mred[0m
            [36m</label>[39m
          [36m</div>[39m
          [36m<div[39m
            [33mclass[39m=[32m"form-check form-check-inline"[39m
            [33mstyle[39m=[32m"background-color: blue;"[39m
          [36m>[39m
            [36m<input[39m
              [33mclass[39m=[32m"form-check-input"[39m
              [33mid[39m=[32m"color-blue"[39m
              [33mname[39m=[32m"color"[39m
              [33mtype[39m=[32m"radio"[39m
              [33mvalue[39m=[32m"blue"[39m
            [36m/>[39m
            [36m<label[39m
              [33mclass[39m=[32m"form-check-label"[39m
              [33mfor[39m=[32m"color-blue"[39m
              [33mtitle[39m=[32m""[39m
            [36m>[39m
              [0mblue[0m
            [36m</label>[39m
          [36m</div>[39m
          [36m<div[39m
            [33mclass[39m=[32m"form-check form-check-inline"[39m
            [33mstyle[39m=[32m"background-color: green;"[39m
          [36m>[39m
            [36m<input[39m
              [33mclass[39m=[32m"form-check-input"[39m
              [33mid[39m=[32m"color-green"[39m
              [33mname[39m=[32m"color"[39m
              [33mtype[39m=[32m"radio"[39m
              [33mvalue[39m=[32m"green"[39m
            [36m/>[39m
            [36m<label[39m
              [33mclass[39m=[32m"form-check-label"[39m
              [33mfor[39m=[32m"color-green"[39m
              [33mtitle[39m=[32m""[39m
            [36m>[39m
              [0mgreen[0m
            [36m</label>[39m
          [36m</div>[39m
          [36m<div[39m
            [33mclass[39m=[32m"form-check form-check-inline"[39m
            [33mstyle[39m=[32m"background-color: orange;"[39m
          [36m>[39m
            [36m<input[39m
              [33mclass[39m=[32m"form-check-input"[39m
              [33mid[39m=[32m"color-orange"[39m
              [33mname[39m=[32m"color"[39m
              [33mtype[39m=[32m"radio"[39m
              [33mvalue[39m=[32m"orange"[39m
            [36m/>[39m
            [36m<label[39m
              [33mclass[39m=[32m"form-check-label"[39m
              [33mfor[39m=[32m"color-orange"[39m
              [33mtitle[39m=[32m""[39m
            [36m>[39m
              [0morange[0m
            [36m</label>[39m
          [36m</div>[39m
          [36m<div[39m
            [33mclass[39m=[32m"form-check form-check-inline"[39m
            [33mstyle[39m=[32m"background-color: purple;"[39m
          [36m>[39m
            [36m<input[39m
              [33mclass[39m=[32m"form-check-input"[39m
              [33mid[39m=[32m"color-purple"[39m
              [33mname[39m=[32m"color"[39m
              [33mtype[39m=[32m"radio"[39m
              [33mvalue[39m=[32m"purple"[39m
            [36m/>[39m
            [36m<label[39m
              [33mclass[39m=[32m"form-check-label"[39m
              [33mfor[39m=[32m"color-purple"[39m
              [33mtitle[39m=[32m""[39m
            [36m>[39m
              [0mpurple[0m
            [36m</label>[39m
          [36m</div>[39m
          [36m<div[39m
            [33mclass[39m=[32m"form-check form-check-inline"[39m
            [33mstyle[39m=[32m"background-color: cyan;"[39m
          [36m>[39m
            [36m<input[39m
              [33mclass[39m=[32m"form-check-input"[39m
              [33mid[39m=[32m"color-cyan"[39m
              [33mname[39m=[32m"color"[39m
              [33mtype[39m=[32m"radio"[39m
              [33mvalue[39m=[32m"cyan"[39m
            [36m/>[39m
            [36m<label[39m
              [33mclass[39m=[32m"form-check-label"[39m
              [33mfor[39m=[32m"color-cyan"[39m
              [33mtitle[39m=[32m""[39m
            [36m>[39m
              [0mcyan[0m
            [36m</label>[39m
          [36m</div>[39m
          [36m<div[39m
            [33mclass[39m=[32m"form-check form-check-inline"[39m
            [33mstyle[39m=[32m"background-color: magenta;"[39m
          [36m>[39m
            [36m<input[39m
              [33mclass[39m=[32m"form-check-input"[39m
              [33mid[39m=[32m"color-magenta"[39m
              [33mname[39m=[32m"color"[39m
              [33mtype[39m=[32m"radio"[39m
              [33mvalue[39m=[32m"magenta"[39m
            [36m/>[39m
            [36m<label[39m
              [33mclass[39m=[32m"form-check-label"[39m
              [33mfor[39m=[32m"color-magenta"[39m
              [33mtitle[39m=[32m""[39m
            [36m>[39m
              [0mmagenta[0m
            [36m</label>[39m
          [36m</div>[39m
          [36m<div[39m
            [33mclass[39m=[32m"form-check form-check-inline"[39m
            [33mstyle[39m=[32m"background-color: white;"[39m
          [36m>[39m
            [36m<input[39m
              [33mclass[39m=[32m"form-check-input"[39m
              [33mid[39m=[32m"color-white"[39m
              [33mname[39m=[32m"color"[39m
              [33mtype[39m=[32m"radio"[39m
              [33mvalue[39m=[32m"white"[39m
            [36m/>[39m
            [36m<label[39m
              [33mclass[39m=[32m"form-check-label"[39m
              [33mfor[39m=[32m"color-white"[39m
              [33mtitle[39m=[32m""[39m
            [36m>[39m
              [0mwhite[0m
            [36m</label>[39m
          [36m</div>[39m
          [36m<div[39m
            [33mclass[39m=[32m"form-check form-check-inline"[39m
            [33mstyle[39m=[32m"background-color: black;"[39m
          [36m>[39m
            [36m<input[39m
              [33mclass[39m=[32m"form-check-input"[39m
              [33mid[39m=[32m"color-black"[39m
              [33mname[39m=[32m"color"[39m
              [33mtype[39m=[32m"radio"[39m
              [33mvalue[39m=[32m"black"[39m
            [36m/>[39m
            [36m<label[39m
              [33mclass[39m=[32m"form-check-label"[39m
              [33mfor[39m=[32m"color-black"[39m
              [33mtitle[39m=[32m""[39m
            [36m>[39m
              [0mblack[0m
            [36m</label>[39m
          [36m</div>[39m
          [36m<span>[39m
            [0mThe current color is[0m
            [0m [0m
            [36m<span[39m
              [33mdata-testid[39m=[32m"colored-box"[39m
              [33mstyle[39m=[32m"background-color: red;"[39m
            [36m>[39m
              [0m [0m
              [0mred[0m
            [36m</span>[39m
          [36m</span>[39m
        [36m</div>[39m
        [36m<hr />[39m
        [36m<div>[39m
          [36m<h3>[39m
            [0mMultiple Choice Question[0m
          [36m</h3>[39m
          [36m<label[39m
            [33mclass[39m=[32m"form-label"[39m
          [36m>[39m
            [0mMake a selection below:[0m
          [36m</label>[39m
          [36m<select[39m
            [33mclass[39m=[32m"form-select"[39m
          [36m>[39m
            [36m<option[39m
              [33mvalue[39m=[32m"a"[39m
            [36m>[39m
              [0ma[0m
            [36m</option>[39m
            [36m<option[39m
              [33mvalue[39m=[32m"b"[39m
            [36m>[39m
              [0mb[0m
            [36m</option>[39m
            [36m<option[39m
              [33mvalue[39m=[32m"c"[39m
            [36m>[39m
              [0mc[0m
            [36m</option>[39m
          [36m</select>[39m
          [36m<option>[39m
            [0m Your answer is: [0m
          [36m</option>[39m
          [0m❌[0m
        [36m</div>[39m
        [36m<hr />[39m
        [36m<div>[39m
          [36m<h3>[39m
            [0mDouble Half[0m
          [36m</h3>[39m
          [36m<div>[39m
            [0mThe current value is: [0m
            [36m<span>[39m
              [0m10[0m
            [36m</span>[39m
          [36m</div>[39m
          [36m<button[39m
            [33mclass[39m=[32m"btn btn-primary"[39m
            [33mtype[39m=[32m"button"[39m
          [36m>[39m
            [0m Double [0m
          [36m</button>[39m
          [36m<button[39m
            [33mclass[39m=[32m"btn btn-primary"[39m
            [33mtype[39m=[32m"button"[39m
          [36m>[39m
            [0m Halve [0m
          [36m</button>[39m
        [36m</div>[39m
        [36m<hr />[39m
        [36m<div>[39m
          [36m<h3>[39m
            [0mChoose Team[0m
          [36m</h3>[39m
          [36m<div[39m
            [33mclass[39m=[32m"row"[39m
          [36m>[39m
            [36m<div[39m
              [33mclass[39m=[32m"col"[39m
            [36m>[39m
              [36m<div[39m
                [33mstyle[39m=[32m"margin-bottom: 4px;"[39m
              [36m>[39m
                [0mAdd[0m
                [0m [0m
                [36m<button[39m
                  [33mclass[39m=[32m"btn btn-primary btn-sm"[39m
                  [33mtype[39m=[32m"button"[39m
                [36m>[39m
                  [0mAlan Turing[0m
                [36m</button>[39m
              [36m</div>[39m
              [36m<div[39m
                [33mstyle[39m=[32m"margin-bottom: 4px;"[39m
              [36m>[39m
                [0mAdd[0m
                [0m [0m
                [36m<button[39m
                  [33mclass[39m=[32m"btn btn-primary btn-sm"[39m
                  [33mtype[39m=[32m"button"[39m
                [36m>[39m
                  [0mGrace Hopper[0m
                [36m</button>[39m
              [36m</div>[39m
              [36m<div[39m
                [33mstyle[39m=[32m"margin-bottom: 4px;"[39m
              [36m>[39m
                [0mAdd[0m
                [0m [0m
                [36m<button[39m
                  [33mclass[39m=[32m"btn btn-primary btn-sm"[39m
                  [33mtype[39m=[32m"button"[39m
                [36m>[39m
                  [0mAda Lovelace[0m
                [36m</button>[39m
              [36m</div>[39m
              [36m<div[39m
                [33mstyle[39m=[32m"margin-bottom: 4px;"[39m
              [36m>[39m
                [0mAdd[0m
                [0m [0m
                [36m<button[39m
                  [33mclass[39m=[32m"btn btn-primary btn-sm"[39m
                  [33mtype[39m=[32m"button"[39m
                [36m>[39m
                  [0mCharles Babbage[0m
                [36m</button>[39m
              [36m</div>[39m
              [36m<div[39m
                [33mstyle[39m=[32m"margin-bottom: 4px;"[39m
              [36m>[39m
                [0mAdd[0m
                [0m [0m
                [36m<button[39m
                  [33mclass[39m=[32m"btn btn-primary btn-sm"[39m
                  [33mtype[39m=[32m"button"[39m
                [36m>[39m
                  [0mBarbara Liskov[0m
                [36m</button>[39m
              [36m</div>[39m
              [36m<div[39m
                [33mstyle[39m=[32m"margin-bottom: 4px;"[39m
              [36m>[39m
                [0mAdd[0m
                [0m [0m
                [36m<button[39m
                  [33mclass[39m=[32m"btn btn-primary btn-sm"[39m
                  [33mtype[39m=[32m"button"[39m
                [36m>[39m
                  [0mMargaret Hamilton[0m
                [36m</button>[39m
              [36m</div>[39m
            [36m</div>[39m
            [36m<div[39m
              [33mclass[39m=[32m"col"[39m
            [36m>[39m
              [36m<strong>[39m
                [0mTeam:[0m
              [36m</strong>[39m
              [36m<button[39m
                [33mclass[39m=[32m"btn btn-primary"[39m
                [33mtype[39m=[32m"button"[39m
              [36m>[39m
                [0mClear Team[0m
              [36m</button>[39m
            [36m</div>[39m
          [36m</div>[39m
        [36m</div>[39m
        [36m<hr />[39m
        [36m<div>[39m
          [36m<h3>[39m
            [0mColored Box[0m
          [36m</h3>[39m
          [36m<span>[39m
            [0mThe current color is: [0m
            [0mred[0m
          [36m</span>[39m
          [36m<div>[39m
            [36m<button[39m
              [33mclass[39m=[32m"btn btn-primary"[39m
              [33mtype[39m=[32m"button"[39m
            [36m>[39m
              [0mNext Color[0m
            [36m</button>[39m
          [36m</div>[39m
          [36m<div[39m
            [33mdata-testid[39m=[32m"colored-box"[39m
            [33mstyle[39m=[32m"width: 50px; height: 50px; background-color: red; display: inline-block; vertical-align: bottom; margin-left: 5px;"[39m
          [36m/>[39m
        [36m</div>[39m
        [36m<hr />[39m
        [36m<div>[39m
          [36m<h3>[39m
            [0mShove Box[0m
          [36m</h3>[39m
          [36m<span>[39m
            [0mThe box is at: [0m
            [0m10[0m
          [36m</span>[39m
          [36m<div>[39m
            [36m<button[39m
              [33mclass[39m=[32m"btn btn-primary"[39m
              [33mtype[39m=[32m"button"[39m
            [36m>[39m
              [0mShove the Box[0m
            [36m</button>[39m
          [36m</div>[39m
          [36m<div[39m
            [33mdata-testid[39m=[32m"moveable-box"[39m
            [33mstyle[39m=[32m"width: 50px; height: 50px; background-color: lightblue; border: 1px solid blue; display: inline-block; vertical-align: bottom; margin-left: 10px;"[39m
          [36m/>[39m
        [36m</div>[39m
        [36m<hr />[39m
        [36m<span>[39m
          [36m<button[39m
            [33mclass[39m=[32m"btn btn-primary"[39m
            [33mtype[39m=[32m"button"[39m
          [36m>[39m
            [0mAdd One[0m
          [36m</button>[39m
          [0mto [0m
          [0m0[0m
          [0m.[0m
        [36m</span>[39m
        [36m<hr />[39m
        [36m<div>[39m
          [36m<button[39m
            [33mclass[39m=[32m"btn btn-primary"[39m
            [33mtype[39m=[32m"button"[39m
          [36m>[39m
            [0mReveal Answer[0m
          [36m</button>[39m
        [36m</div>[39m
        [36m<hr />[39m
        [36m<div>[39m
          [36m<span>[39m
            [0m attempts : [0m
            [0m4[0m
          [36m</span>[39m
          [36m<button[39m
            [33mclass[39m=[32m"btn btn-primary"[39m
            [33mtype[39m=[32m"button"[39m
          [36m>[39m
            [0mStart Quiz[0m
          [36m</button>[39m
          [36m<button[39m
            [33mclass[39m=[32m"btn btn-primary"[39m
            [33mdisabled[39m=[32m""[39m
            [33mtype[39m=[32m"button"[39m
          [36m>[39m
            [0mStop Quiz[0m
          [36m</button>[39m
          [36m<button[39m
            [33mclass[39m=[32m"btn btn-primary"[39m
            [33mtype[39m=[32m"button"[39m
          [36m>[39m
            [0mMulligan[0m
          [36m</button>[39m
        [36m</div>[39m
        [36m<hr />[39m
        [36m<div>[39m
          [36m<div>[39m
            [36m<button[39m
              [33mclass[39m=[32m"btn btn-primary"[39m
              [33mtype[39m=[32m"button"[39m
            [36m>[39m
              [0mRoll Left[0m
            [36m</button>[39m
            [36m<span[39m
              [33mdata-testid[39m=[32m"left-die"[39m
            [36m>[39m
              [0m1[0m
            [36m</span>[39m
            [36m<button[39m
              [33mclass[39m=[32m"btn btn-primary"[39m
              [33mtype[39m=[32m"button"[39m
            [36m>[39m
              [0mRoll Right[0m
            [36m</button>[39m
            [36m<span[39m
              [33mdata-testid[39m=[32m"right-die"[39m
            [36m>[39m
              [0m2[0m
            [36m</span>[39m
          [36m</div>[39m
          [36m<div />[39m
        [36m</div>[39m
        [36m<hr />[39m
        [36m<div>[39m
          [36m<div>[39m
            [36m<button[39m
              [33mclass[39m=[32m"btn btn-primary"[39m
              [33mtype[39m=[32m"button"[39m
            [36m>[39m
              [0mChange Type[0m
            [36m</button>[39m
          [36m</div>[39m
          [36m<div>[39m
            [36m<span>[39m
              [0mShort Answer[0m
            [36m</span>[39m
          [36m</div>[39m
        [36m</div>[39m
        [36m<hr />[39m
        [36m<div>[39m
          [36m<div>[39m
            [36m<p>[39m
              [0m Holiday: [0m
              [0m��[0m
            [36m</p>[39m
            [36m<button[39m
              [33mclass[39m=[32m"btn btn-primary"[39m
              [33mtype[39m=[32m"button"[39m
            [36m>[39m
              [0mAdvance by Alphabet[0m
            [36m</button>[39m
            [36m<button[39m
              [33mclass[39m=[32m"btn btn-primary"[39m
              [33mtype[39m=[32m"button"[39m
            [36m>[39m
              [0mAdvance by Year[0m
            [36m</button>[39m
          [36m</div>[39m
        [36m</div>[39m
      [36m</div>[39m
    [36m</body>[39m

       7 |     test("There is a header", () => {
       8 |         render(<App />);
    >  9 |         const header = screen.getByRole("heading");
         |                               ^
      10 |         expect(header).toBeInTheDocument();
      11 |     });
      12 |

      at Object.getElementError (node_modules/@testing-library/dom/dist/config.js:38:19)
      at getElementError (node_modules/@testing-library/dom/dist/query-helpers.js:25:35)
      at getMultipleElementsFoundError (node_modules/@testing-library/dom/dist/query-helpers.js:29:10)
      at node_modules/@testing-library/dom/dist/query-helpers.js:66:13
      at getByRole (node_modules/@testing-library/dom/dist/query-helpers.js:111:19)
      at Object.<anonymous> (src/HtmlCss.test.tsx:9:31)


Test Suites: 1 failed, 20 passed, 21 total
Tests:       1 failed, 140 passed, 141 total
Snapshots:   0 total
Time:        12.94 s
Ran all test suites.
